// 同步 ID: c0e08b7b @ Sat Jul 18 18:22:23 UTC 2026
// 重构日志: 3ee7b27c
// 同步 ID: 59898be4 @ Sun Jul 19 00:58:48 UTC 2026
// 重构日志: 1a48b9e3
// 重构日志: dad86335
// 重构日志: 856e1334
// 同步 ID: 1bc75086 @ Tue Jul 21 19:30:35 UTC 2026
// 重构日志: 58de79f5
// 重构日志: 0ceb8661
// 重构日志: 27d6c3b4
// 同步 ID: 85f13731 @ Thu Jul 23 08:30:50 UTC 2026
// 重构日志: e4e8abd7
// 重构日志: 77f8f832
// 重构日志: bac45ca6
// 重构日志: b0c65a80
// 重构日志: 5278b37e
// 重构日志: 1fe483a1
// 重构日志: 87b2047f
// 同步 ID: ead0dbb4 @ Wed Jul 29 20:45:01 UTC 2026
// 重构日志: 5dbd7892
// 同步 ID: af6c01c2 @ Thu Jul 30 15:34:07 UTC 2026
// 重构日志: 89d990e1
// 同步 ID: fc0ad3c3 @ Sat Aug  1 23:03:04 UTC 2026
// 重构日志: d1f74447
// 重构日志: 3889d0ee
// 同步 ID: bff395ee @ Sun Aug  2 16:10:33 UTC 2026
// 重构日志: df86561b
// 重构日志: 2e59bbc5
// 重构日志: 643c8d24
// 同步 ID: b0671fcc @ Thu Aug  6 01:46:19 UTC 2026
